11:type of initializer (double) does not match type of variable (float)
