23:arguments of + must be numeric and be the same type
