module test_dacexample4:
input R;
input S;
output A;

every S do
  loop
    pause;
    pause;
    present R then
      emit A
    end present
  end loop
end every

end module
